// Jest Snapshot v1, https://goo.gl/fbAQLP

exports[`TitleWithHelp Should render correctly 1`] = `
<body>
  <div>
    <div
      style="display: flex; flex-direction: row; width: 100%;"
    >
      <h3
        style="flex-grow: 1; margin: 0px;"
      >
        My title
      </h3>
      <a
        aria-disabled="false"
        class="MuiButtonBase-root MuiButton-root MuiButton-text MuiButton-textPrimary MuiButton-textSizeLarge MuiButton-sizeLarge"
        href="https://test.com"
        style="flex-grow: 0;"
        tabindex="0"
        target="_blank"
      >
        <span
          class="MuiButton-label"
        >
          <span
            class="MuiButton-startIcon MuiButton-iconSizeLarge"
          >
            <svg
              aria-hidden="true"
              class="MuiSvgIcon-root MuiSvgIcon-fontSizeMedium css-i4bv87-MuiSvgIcon-root"
              data-testid="HelpIcon"
              focusable="false"
              viewBox="0 0 24 24"
            >
              <path
                d="M12 2C6.48 2 2 6.48 2 12s4.48 10 10 10 10-4.48 10-10S17.52 2 12 2m1 17h-2v-2h2zm2.07-7.75-.9.92C13.45 12.9 13 13.5 13 15h-2v-.5c0-1.1.45-2.1 1.17-2.83l1.24-1.26c.37-.36.59-.86.59-1.41 0-1.1-.9-2-2-2s-2 .9-2 2H8c0-2.21 1.79-4 4-4s4 1.79 4 4c0 .88-.36 1.68-.93 2.25"
              />
            </svg>
          </span>
          Help
        </span>
        <span
          class="MuiTouchRipple-root"
        />
      </a>
    </div>
  </div>
</body>
`;
